// Jest Snapshot v1, https://goo.gl/fbAQLP

exports[`protos match snapshot 1`] = `
Object {
  "Check": [Function],
  "Dgraph": [Function],
  "DirectedEdge": [Function],
  "Facet": [Function],
  "Facets": [Function],
  "FacetsList": [Function],
  "FilterTree": [Function],
  "Function": [Function],
  "GroupKeys": [Function],
  "KC": [Function],
  "KV": [Function],
  "Latency": [Function],
  "List": [Function],
  "Membership": [Function],
  "MembershipUpdate": [Function],
  "Mutation": [Function],
  "Mutations": [Function],
  "NQuad": [Function],
  "Node": [Function],
  "Num": [Function],
  "Param": [Function],
  "Posting": [Function],
  "PostingList": [Function],
  "Property": [Function],
  "Proposal": [Function],
  "Query": [Function],
  "RaftContext": [Function],
  "RebuildIndexMessage": [Function],
  "Request": [Function],
  "Response": [Function],
  "Result": [Function],
  "SchemaNode": [Function],
  "SchemaRequest": [Function],
  "SchemaResult": [Function],
  "SchemaUpdate": [Function],
  "SortMessage": [Function],
  "SortResult": [Function],
  "TaskValue": [Function],
  "Value": [Function],
  "Version": [Function],
}
`;
