// Jest Snapshot v1, https://goo.gl/fbAQLP

exports[`protos match snapshot 1`] = `
Object {
  "facetsp": Object {
    "Facet": [Function],
    "Facets": [Function],
    "FilterTree": [Function],
    "Function": [Function],
    "List": [Function],
    "Param": [Function],
  },
  "graphp": Object {
    "Check": [Function],
    "Dgraph": [Function],
    "Latency": [Function],
    "Mutation": [Function],
    "NQuad": [Function],
    "Node": [Function],
    "Property": [Function],
    "Request": [Function],
    "Response": [Function],
    "Schema": [Function],
    "SchemaNode": [Function],
    "SchemaUpdate": [Function],
    "Value": [Function],
    "Version": [Function],
  },
  "taskp": Object {
    "DirectedEdge": [Function],
    "GroupKeys": [Function],
    "KC": [Function],
    "KV": [Function],
    "List": [Function],
    "Membership": [Function],
    "MembershipUpdate": [Function],
    "Mutations": [Function],
    "Num": [Function],
    "Proposal": [Function],
    "Query": [Function],
    "RaftContext": [Function],
    "RebuildIndex": [Function],
    "Result": [Function],
    "Schema": [Function],
    "SchemaResult": [Function],
    "Sort": [Function],
    "SortResult": [Function],
    "Value": [Function],
  },
  "typesp": Object {
    "Posting": [Function],
    "PostingList": [Function],
    "Schema": [Function],
  },
  "workerp": Object {
    "BackupPayload": [Function],
    "Payload": [Function],
    "Worker": [Function],
  },
}
`;
